Resolving dependencies...
Downloading packages...
  flutter_lints 3.0.2 (6.0.0 available)
  functions_client 2.6.0 (2.6.2 available)
  google_fonts 6.3.3 (8.1.0 available)
  gotrue 2.21.0 (2.23.0 available)
  lints 3.0.0 (6.1.0 available)
  matcher 0.12.19 (0.12.20 available)
  meta 1.18.0 (1.18.3 available)
  package_config 2.2.0 (3.0.0 available)
  postgrest 2.7.1 (2.7.3 available)
  realtime_client 2.7.4 (2.9.0 available)
  storage_client 2.5.6 (2.5.8 available)
  supabase 2.12.2 (2.13.1 available)
  supabase_flutter 2.14.2 (2.15.1 available)
  test_api 0.7.11 (0.7.13 available)
  vector_math 2.2.0 (2.4.0 available)
  yet_another_json_isolate 2.1.0 (2.1.1 available)
Got dependencies!
16 packages have newer versions incompatible with dependency constraints.
Try `flutter pub outdated` for more information.
Compiling lib/main.dart for the Web...                          
Wasm dry run succeeded. Consider building and testing your application with the `--wasm` flag. See docs for more info: https://docs.flutter.dev/platform-integration/web/wasm
Use --no-wasm-dry-run to disable these warnings.
Target dart2js failed: ProcessException: Process exited abnormally with exit code 1:
lib/screens/word_list_screen.dart:544:28:
Error: Can't find ')' to match '('.
          content: SizedBox(
                           ^
lib/screens/word_list_screen.dart:518:27:
Error: Can't find ')' to match '('.
        return AlertDialog(
                          ^
lib/screens/word_list_screen.dart:515:15:
Error: Can't find ')' to match '('.
    showDialog(
              ^
lib/screens/word_list_screen.dart:510:46:
Error: Can't find '}' to match '{'.
  void _showWordDetailDialog(WordModel word) {
                                             ^
lib/screens/word_list_screen.dart:15:58:
Error: Can't find '}' to match '{'.
class _WordListScreenState extends State<WordListScreen> {
                                                         ^
lib/screens/word_list_screen.dart:646:16:
Error: Expected ',' before this.
            )  Widget _buildStatRow(String label, String value, {Widget? suffixWidget}) {
               ^^^^^^
lib/screens/word_list_screen.dart:646:23:
Error: A function expression can't have a name.
            )  Widget _buildStatRow(String label, String value, {Widget? suffixWidget}) {
                      ^^^^^^^^^^^^^
lib/screens/word_list_screen.dart:544:28:
Error: Too many positional arguments: 0 allowed, but 1 found.
          content: SizedBox(
                           ^
/opt/hostedtoolcache/flutter/stable-3.44.4-x64/flutter/packages/flutter/lib/src/widgets/basic.dart:2736:9:
Info: Found this candidate, but the arguments don't match.
  const SizedBox({super.key, this.width, this.height, super.child});
        ^^^^^^^^
lib/screens/word_list_screen.dart:662:3:
Error: Expected ';' after this.
  }
  ^
lib/screens/word_list_screen.dart:663:1:
Error: Expected ';' after this.
}
^
Error: Compilation failed.
  Command: /opt/hostedtoolcache/flutter/stable-3.44.4-x64/flutter/bin/cache/dart-sdk/bin/dart compile js --platform-binaries=/opt/hostedtoolcache/flutter/stable-3.44.4-x64/flutter/bin/cache/flutter_web_sdk/kernel --invoker=flutter_tool -Ddart.vm.product=true -DFLUTTER_VERSION=3.44.4 -DFLUTTER_CHANNEL=stable -DFLUTTER_GIT_URL=https://github.com/flutter/flutter.git -DFLUTTER_FRAMEWORK_REVISION=ad70ec4617 -DFLUTTER_ENGINE_REVISION=a10d8ac38d -DFLUTTER_DART_VERSION=3.12.2 -DFLUTTER_WEB_USE_SKIA=true -DFLUTTER_WEB_USE_SKWASM=false -DFLUTTER_WEB_CANVASKIT_URL=https://www.gstatic.com/flutter-canvaskit/a10d8ac38de835021c8d2f920dbf50a920ccc030/ --native-null-assertions --no-source-maps -O4 --minify -o /home/runner/work/LingoGlow/LingoGlow/.dart_tool/flutter_build/bd1fb42f629639ff7a7c8202110706c2/app.dill --packages=/home/runner/work/LingoGlow/LingoGlow/.dart_tool/package_config.json --cfe-only /home/runner/work/LingoGlow/LingoGlow/.dart_tool/flutter_build/bd1fb42f629639ff7a7c8202110706c2/main.dart
#0      RunResult.throwException (package:flutter_tools/src/base/process.dart:153:5)
#1      _DefaultProcessUtils.run (package:flutter_tools/src/base/process.dart:379:19)
<asynchronous suspension>
#2      Dart2JSTarget.build (package:flutter_tools/src/build_system/targets/web.dart:208:5)
<asynchronous suspension>
#3      _BuildInstance._invokeInternal (package:flutter_tools/src/build_system/build_system.dart:937:9)
<asynchronous suspension>
#4      Future.wait.<anonymous closure> (dart:async/future.dart:546:21)
<asynchronous suspension>
#5      _BuildInstance.invokeTarget (package:flutter_tools/src/build_system/build_system.dart:875:32)
<asynchronous suspension>
#6      Future.wait.<anonymous closure> (dart:async/future.dart:546:21)
<asynchronous suspension>
#7      _BuildInstance.invokeTarget (package:flutter_tools/src/build_system/build_system.dart:875:32)
<asynchronous suspension>
#8      FlutterBuildSystem.build (package:flutter_tools/src/build_system/build_system.dart:684:16)
<asynchronous suspension>
#9      WebBuilder.buildWeb (package:flutter_tools/src/web/compile.dart:107:34)
<asynchronous suspension>
#10     BuildWebCommand.runCommand (package:flutter_tools/src/commands/build_web.dart:293:5)
<asynchronous suspension>
#11     FlutterCommand.run.<anonymous closure> (package:flutter_tools/src/runner/flutter_command.dart:1630:27)
<asynchronous suspension>
#12     AppContext.run.<anonymous closure> (package:flutter_tools/src/base/context.dart:154:19)
<asynchronous suspension>
#13     CommandRunner.runCommand (package:args/command_runner.dart:212:13)
<asynchronous suspension>
#14     FlutterCommandRunner.runCommand.<anonymous closure> (package:flutter_tools/src/runner/flutter_command_runner.dart:496:9)
<asynchronous suspension>
#15     AppContext.run.<anonymous closure> (package:flutter_tools/src/base/context.dart:154:19)
<asynchronous suspension>
#16     FlutterCommandRunner.runCommand (package:flutter_tools/src/runner/flutter_command_runner.dart:431:5)
<asynchronous suspension>
#17     FlutterCommandRunner.run.<anonymous closure> (package:flutter_tools/src/runner/flutter_command_runner.dart:307:33)
<asynchronous suspension>
#18     run.<anonymous closure>.<anonymous closure> (package:flutter_tools/runner.dart:104:11)
<asynchronous suspension>
#19     AppContext.run.<anonymous closure> (package:flutter_tools/src/base/context.dart:154:19)
<asynchronous suspension>
#20     main (package:flutter_tools/executable.dart:103:3)
<asynchronous suspension>

Compiling lib/main.dart for the Web...                             40.4s
Error: Failed to compile application for the Web.
